208.66.176.1 - - [06/Feb/2025:15:33:39 +0000] "GET /AboutUsPages/ryan.html HTTP/2.0" 200 4094 "https://167.71.25.102/about.html" "Mozilla/5.0 (Macintosh; Intel Mac OS X 10_15_7) AppleWebKit/605.1.15 (KHTML, like Gecko) Version/17.1 Safari/605.1.15"
208.66.176.1 - - [06/Feb/2025:15:33:39 +0000] "GET /images/ryan-clay.png HTTP/2.0" 304 0 "https://167.71.25.102/AboutUsPages/ryan.html" "Mozilla/5.0 (Macintosh; Intel Mac OS X 10_15_7) AppleWebKit/605.1.15 (KHTML, like Gecko) Version/17.1 Safari/605.1.15"
208.66.176.1 - - [06/Feb/2025:15:33:39 +0000] "GET /css/ind-page.css HTTP/2.0" 304 0 "https://167.71.25.102/AboutUsPages/ryan.html" "Mozilla/5.0 (Macintosh; Intel Mac OS X 10_15_7) AppleWebKit/605.1.15 (KHTML, like Gecko) Version/17.1 Safari/605.1.15"
208.66.176.1 - - [06/Feb/2025:15:33:40 +0000] "GET /images/ryan_interest.jpeg HTTP/2.0" 200 100088 "https://167.71.25.102/AboutUsPages/ryan.html" "Mozilla/5.0 (Macintosh; Intel Mac OS X 10_15_7) AppleWebKit/605.1.15 (KHTML, like Gecko) Version/17.1 Safari/605.1.15"
208.66.176.1 - - [06/Feb/2025:15:33:42 +0000] "GET /index.html HTTP/2.0" 304 0 "https://167.71.25.102/AboutUsPages/ryan.html" "Mozilla/5.0 (Macintosh; Intel Mac OS X 10_15_7) AppleWebKit/605.1.15 (KHTML, like Gecko) Version/17.1 Safari/605.1.15"
208.66.176.1 - - [06/Feb/2025:15:33:46 +0000] "GET /AboutUsPages/wilson.html HTTP/2.0" 200 3858 "https://167.71.25.102/about.html" "Mozilla/5.0 (Macintosh; Intel Mac OS X 10_15_7) AppleWebKit/605.1.15 (KHTML, like Gecko) Version/17.1 Safari/605.1.15"
208.66.176.1 - - [06/Feb/2025:15:33:47 +0000] "GET /images/wilson-fish.png HTTP/2.0" 200 1002543 "https://167.71.25.102/AboutUsPages/wilson.html" "Mozilla/5.0 (Macintosh; Intel Mac OS X 10_15_7) AppleWebKit/605.1.15 (KHTML, like Gecko) Version/17.1 Safari/605.1.15"
144.24.240.172 - - [06/Feb/2025:15:39:24 +0000] "GET /.env HTTP/1.1" 200 3405 "-" "python-requests/2.32.3"
144.24.240.172 - - [06/Feb/2025:15:39:24 +0000] "POST / HTTP/1.1" 405 150 "-" "python-requests/2.32.3"
141.255.166.90 - - [06/Feb/2025:15:56:29 +0000] "GET / HTTP/1.1" 200 3405 "-" "-"
141.255.166.90 - - [06/Feb/2025:15:56:30 +0000] "PUT /v1/agent/service/register  HTTP/1.1" 400 150 "-" "-"
46.19.138.234 - - [06/Feb/2025:15:57:09 +0000] "GET / HTTP/1.1" 200 3405 "-" "Mozilla/5.0 (Windows NT 10.0; Win64; x64) AppleWebKit/537.36 (KHTML, like Gecko) Chrome/90.0.4430.85 Safari/537.36 Edg/90.0.818.46"
104.234.115.19 - - [06/Feb/2025:16:05:10 +0000] "\x00\x00\x00\x00\x00\x00\x00\x00\x00\x00\x00\x00\x00\x00\x00\x00\x00\x00\x00\x00" 400 150 "-" "-"
104.234.115.19 - - [06/Feb/2025:16:05:28 +0000] "\x16\x03\x01\x00{\x01\x00\x00w\x03\x03[\xF1\x15N*\xCE\x0B\x89\x5Cf\xC7:\x01\x1A\xEDq\x0F\xB3\xA7{:\x89\xFE\xE5\x92}u\x88DQ\x1C\x0F\x00\x00\x1A\xC0/\xC0+\xC0\x11\xC0\x07\xC0\x13\xC0\x09\xC0\x14\xC0" 400 150 "-" "-"
104.234.115.19 - - [06/Feb/2025:16:08:47 +0000] "GET / HTTP/1.1" 200 3405 "-" "'Mozilla/5.0 (compatible; GenomeCrawlerd/1.0; https://www.nokia.com/genomecrawler)'"
208.66.176.37 - - [06/Feb/2025:16:09:46 +0000] "GET /AboutUsPages/eli.html HTTP/1.1" 200 4795 "-" "Mozilla/5.0 (Macintosh; Intel Mac OS X 10_15_7) AppleWebKit/537.36 (KHTML, like Gecko) Chrome/128.0.0.0 Safari/537.36"
208.66.176.37 - - [06/Feb/2025:16:09:50 +0000] "GET /images/eli.jpg HTTP/1.1" 200 29430 "http://167.71.25.102/AboutUsPages/eli.html" "Mozilla/5.0 (Macintosh; Intel Mac OS X 10_15_7) AppleWebKit/537.36 (KHTML, like Gecko) Chrome/128.0.0.0 Safari/537.36"
208.66.176.37 - - [06/Feb/2025:16:09:50 +0000] "GET /images/eli-interest.webp HTTP/1.1" 200 101688 "http://167.71.25.102/AboutUsPages/eli.html" "Mozilla/5.0 (Macintosh; Intel Mac OS X 10_15_7) AppleWebKit/537.36 (KHTML, like Gecko) Chrome/128.0.0.0 Safari/537.36"
208.66.176.37 - - [06/Feb/2025:16:09:50 +0000] "GET /favicon.ico HTTP/1.1" 200 3405 "http://167.71.25.102/AboutUsPages/eli.html" "Mozilla/5.0 (Macintosh; Intel Mac OS X 10_15_7) AppleWebKit/537.36 (KHTML, like Gecko) Chrome/128.0.0.0 Safari/537.36"
208.66.176.37 - - [06/Feb/2025:16:09:56 +0000] "GET /index.html HTTP/1.1" 200 3405 "http://167.71.25.102/AboutUsPages/eli.html" "Mozilla/5.0 (Macintosh; Intel Mac OS X 10_15_7) AppleWebKit/537.36 (KHTML, like Gecko) Chrome/128.0.0.0 Safari/537.36"
208.66.176.37 - - [06/Feb/2025:16:09:56 +0000] "GET /css/index.css HTTP/1.1" 200 1615 "http://167.71.25.102/index.html" "Mozilla/5.0 (Macintosh; Intel Mac OS X 10_15_7) AppleWebKit/537.36 (KHTML, like Gecko) Chrome/128.0.0.0 Safari/537.36"
208.66.176.37 - - [06/Feb/2025:16:09:56 +0000] "GET /images/skate_photo.jpg HTTP/1.1" 200 327193 "http://167.71.25.102/index.html" "Mozilla/5.0 (Macintosh; Intel Mac OS X 10_15_7) AppleWebKit/537.36 (KHTML, like Gecko) Chrome/128.0.0.0 Safari/537.36"
208.66.176.37 - - [06/Feb/2025:16:09:56 +0000] "GET /images/sweater_photo.jpg HTTP/1.1" 200 338525 "http://167.71.25.102/index.html" "Mozilla/5.0 (Macintosh; Intel Mac OS X 10_15_7) AppleWebKit/537.36 (KHTML, like Gecko) Chrome/128.0.0.0 Safari/537.36"
208.66.176.37 - - [06/Feb/2025:16:10:05 +0000] "GET /about.html HTTP/1.1" 200 3261 "http://167.71.25.102/index.html" "Mozilla/5.0 (Macintosh; Intel Mac OS X 10_15_7) AppleWebKit/537.36 (KHTML, like Gecko) Chrome/128.0.0.0 Safari/537.36"
208.66.176.37 - - [06/Feb/2025:16:10:05 +0000] "GET /images/ryan.jpeg HTTP/1.1" 200 383965 "http://167.71.25.102/about.html" "Mozilla/5.0 (Macintosh; Intel Mac OS X 10_15_7) AppleWebKit/537.36 (KHTML, like Gecko) Chrome/128.0.0.0 Safari/537.36"
208.66.176.37 - - [06/Feb/2025:16:10:05 +0000] "GET /images/john.jpeg HTTP/1.1" 200 598173 "http://167.71.25.102/about.html" "Mozilla/5.0 (Macintosh; Intel Mac OS X 10_15_7) AppleWebKit/537.36 (KHTML, like Gecko) Chrome/128.0.0.0 Safari/537.36"
208.66.176.37 - - [06/Feb/2025:16:10:05 +0000] "GET /images/wilson.jpeg HTTP/1.1" 200 825251 "http://167.71.25.102/about.html" "Mozilla/5.0 (Macintosh; Intel Mac OS X 10_15_7) AppleWebKit/537.36 (KHTML, like Gecko) Chrome/128.0.0.0 Safari/537.36"
208.66.176.37 - - [06/Feb/2025:16:10:05 +0000] "GET /images/william.jpeg HTTP/1.1" 200 895490 "http://167.71.25.102/about.html" "Mozilla/5.0 (Macintosh; Intel Mac OS X 10_15_7) AppleWebKit/537.36 (KHTML, like Gecko) Chrome/128.0.0.0 Safari/537.36"
208.66.176.37 - - [06/Feb/2025:16:10:05 +0000] "GET /images/team.jpeg HTTP/1.1" 200 1782353 "http://167.71.25.102/about.html" "Mozilla/5.0 (Macintosh; Intel Mac OS X 10_15_7) AppleWebKit/537.36 (KHTML, like Gecko) Chrome/128.0.0.0 Safari/537.36"
208.66.176.37 - - [06/Feb/2025:16:10:11 +0000] "GET /AboutUsPages/ryan.html HTTP/1.1" 200 4094 "http://167.71.25.102/about.html" "Mozilla/5.0 (Macintosh; Intel Mac OS X 10_15_7) AppleWebKit/537.36 (KHTML, like Gecko) Chrome/128.0.0.0 Safari/537.36"
208.66.176.37 - - [06/Feb/2025:16:10:11 +0000] "GET /css/ind-page.css HTTP/1.1" 200 2520 "http://167.71.25.102/AboutUsPages/ryan.html" "Mozilla/5.0 (Macintosh; Intel Mac OS X 10_15_7) AppleWebKit/537.36 (KHTML, like Gecko) Chrome/128.0.0.0 Safari/537.36"
208.66.176.37 - - [06/Feb/2025:16:10:11 +0000] "GET /images/ryan_interest.jpeg HTTP/1.1" 200 100088 "http://167.71.25.102/AboutUsPages/ryan.html" "Mozilla/5.0 (Macintosh; Intel Mac OS X 10_15_7) AppleWebKit/537.36 (KHTML, like Gecko) Chrome/128.0.0.0 Safari/537.36"
208.66.176.37 - - [06/Feb/2025:16:10:11 +0000] "GET /images/ryan-clay.png HTTP/1.1" 200 1173755 "http://167.71.25.102/AboutUsPages/ryan.html" "Mozilla/5.0 (Macintosh; Intel Mac OS X 10_15_7) AppleWebKit/537.36 (KHTML, like Gecko) Chrome/128.0.0.0 Safari/537.36"
18.223.123.172 - - [06/Feb/2025:16:14:11 +0000] "GET / HTTP/1.1" 400 650 "-" "Mozilla/5.0 (Macintosh; Intel Mac OS X 10_15_7) Chrome/126.0.0.0 Safari/537.36"
18.223.123.172 - - [06/Feb/2025:16:14:28 +0000] "GET / HTTP/1.1" 400 650 "-" "Mozilla/5.0 (Macintosh; Intel Mac OS X 10_15_7) Chrome/126.0.0.0 Safari/537.36"
165.232.157.181 - - [06/Feb/2025:16:14:39 +0000] "GET / HTTP/1.1" 200 3405 "-" "Mozilla/5.0 (compatible)"
165.232.157.181 - - [06/Feb/2025:16:14:40 +0000] "GET /favicon.ico HTTP/1.1" 200 3405 "https://167.71.25.102/" "Mozilla/5.0 (compatible)"
18.223.123.172 - - [06/Feb/2025:16:19:16 +0000] "SSH-2.0-Go" 400 150 "-" "-"
18.223.123.172 - - [06/Feb/2025:16:20:58 +0000] "GET / HTTP/1.1" 200 3405 "-" "Mozilla/5.0 (Macintosh; Intel Mac OS X 10_15_7) Chrome/126.0.0.0 Safari/537.36"
193.68.89.5 - - [06/Feb/2025:16:21:15 +0000] "GET / HTTP/1.1" 200 3405 "-" "Mozilla/5.0 (Windows NT 10.0; Win64; x64) AppleWebKit/537.36 (KHTML, like Gecko) Chrome/128.0.0.0 Safari/537.36"
18.223.123.172 - - [06/Feb/2025:16:22:29 +0000] "" 400 0 "-" "-"
104.234.115.19 - - [06/Feb/2025:16:24:15 +0000] "\x16\x03\x01\x00\xB1\x01\x00\x00\xAD\x03\x03x\xF7\xEA\xCE*\x8E[\x7F\xF8\xFEI*\xB8\xE3\xA0\xFD\x98\xE5\x9B\x95\xDC\x1C\x98\x7F7\xEFG\xF9\x17\xA8\x01\xBC\x00\x00P\xC0/\xC0+\xC0\x11\xC0\x07\xC0\x13\xC0\x09\xC0\x14\xC0" 400 150 "-" "-"
104.234.115.19 - - [06/Feb/2025:16:24:37 +0000] "GET /favicon.ico HTTP/1.1" 200 3405 "-" "'Mozilla/5.0 (compatible; GenomeCrawlerd/1.0; https://www.nokia.com/genomecrawler)'"
194.0.234.52 - - [06/Feb/2025:16:27:57 +0000] "\x03\x00\x00/*\xE0\x00\x00\x00\x00\x00Cookie: mstshash=Administr" 400 150 "-" "-"
179.43.191.146 - - [06/Feb/2025:16:48:20 +0000] "GET / HTTP/1.1" 200 3405 "-" "Mozilla/5.0 (Windows NT 10.0; Win64; x64) AppleWebKit/537.36 (KHTML, like Gecko) Chrome/90.0.4430.85 Safari/537.36 Edg/90.0.818.46"
3.21.162.37 - - [06/Feb/2025:16:49:12 +0000] "SSH-2.0-Go" 400 150 "-" "-"
3.21.162.37 - - [06/Feb/2025:16:49:44 +0000] "GET / HTTP/1.1" 400 650 "-" "Mozilla/5.0 (Macintosh; Intel Mac OS X 10_15_7) Chrome/126.0.0.0 Safari/537.36"
3.21.162.37 - - [06/Feb/2025:16:54:01 +0000] "GET / HTTP/1.1" 200 3405 "-" "Mozilla/5.0 (Macintosh; Intel Mac OS X 10_15_7) Chrome/126.0.0.0 Safari/537.36"
78.153.140.149 - - [06/Feb/2025:16:55:49 +0000] "GET /.env HTTP/1.1" 200 3405 "-" "Mozilla/5.0 (Windows NT 10.0; Win64; x64) AppleWebKit/537.36 (KHTML, like Gecko) Chrome/116.0.5845.140 Safari/537.36"
78.153.140.149 - - [06/Feb/2025:16:55:50 +0000] "POST / HTTP/1.1" 405 552 "-" "Mozilla/5.0 (Windows NT 10.0; Win64; x64) AppleWebKit/537.36 (KHTML, like Gecko) Chrome/116.0.5845.140 Safari/537.36"
78.153.140.149 - - [06/Feb/2025:16:55:50 +0000] "GET /.env HTTP/1.1" 200 3405 "-" "Mozilla/5.0 (Windows NT 10.0; Win64; x64) AppleWebKit/537.36 (KHTML, like Gecko) Chrome/116.0.5845.140 Safari/537.36"
78.153.140.149 - - [06/Feb/2025:16:55:51 +0000] "POST / HTTP/1.1" 405 552 "-" "Mozilla/5.0 (Windows NT 10.0; Win64; x64) AppleWebKit/537.36 (KHTML, like Gecko) Chrome/116.0.5845.140 Safari/537.36"
3.21.162.37 - - [06/Feb/2025:16:57:05 +0000] "" 400 0 "-" "-"
95.214.55.132 - - [06/Feb/2025:17:03:14 +0000] "GET / HTTP/1.1" 200 3405 "-" "Mozilla/5.0 (Windows NT 10.0; Win64; x64) AppleWebKit/537.36 (KHTML, like Gecko) Chrome/90.0.4430.85 Safari/537.36 Edg/90.0.818.46"
13.91.180.106 - - [06/Feb/2025:17:06:48 +0000] "GET /portal/redlion HTTP/1.1" 200 3405 "-" "Mozilla/5.0 zgrab/0.x"
208.66.176.1 - - [06/Feb/2025:17:11:27 +0000] "GET / HTTP/2.0" 304 0 "-" "Mozilla/5.0 (Macintosh; Intel Mac OS X 10_15_7) AppleWebKit/605.1.15 (KHTML, like Gecko) Version/17.1 Safari/605.1.15"
208.66.176.1 - - [06/Feb/2025:17:11:27 +0000] "GET /images/sweater_photo.jpg HTTP/2.0" 304 0 "https://167.71.25.102/" "Mozilla/5.0 (Macintosh; Intel Mac OS X 10_15_7) AppleWebKit/605.1.15 (KHTML, like Gecko) Version/17.1 Safari/605.1.15"
208.66.176.1 - - [06/Feb/2025:17:11:27 +0000] "GET /images/skate_photo.jpg HTTP/2.0" 304 0 "https://167.71.25.102/" "Mozilla/5.0 (Macintosh; Intel Mac OS X 10_15_7) AppleWebKit/605.1.15 (KHTML, like Gecko) Version/17.1 Safari/605.1.15"
208.66.176.1 - - [06/Feb/2025:17:11:27 +0000] "GET /css/index.css HTTP/2.0" 304 0 "https://167.71.25.102/" "Mozilla/5.0 (Macintosh; Intel Mac OS X 10_15_7) AppleWebKit/605.1.15 (KHTML, like Gecko) Version/17.1 Safari/605.1.15"
8.218.83.143 - - [06/Feb/2025:17:13:22 +0000] "POST /cgi-bin/.%2e/.%2e/.%2e/.%2e/.%2e/.%2e/.%2e/.%2e/.%2e/.%2e/bin/sh HTTP/1.1" 400 150 "-" "-"
104.234.115.43 - - [06/Feb/2025:17:25:50 +0000] "\x00\x00\x00\x00\x00\x00\x00\x00\x00\x00\x00\x00\x00\x00\x00\x00\x00\x00\x00\x00" 400 150 "-" "-"
104.234.115.43 - - [06/Feb/2025:17:26:38 +0000] "GET / HTTP/1.1" 200 3405 "-" "'Mozilla/5.0 (compatible; GenomeCrawlerd/1.0; https://www.nokia.com/genomecrawler)'"
104.234.115.43 - - [06/Feb/2025:17:30:45 +0000] "GET /favicon.ico HTTP/1.1" 200 3405 "-" "'Mozilla/5.0 (compatible; GenomeCrawlerd/1.0; https://www.nokia.com/genomecrawler)'"
104.234.115.43 - - [06/Feb/2025:17:30:54 +0000] "GET /favicon.ico HTTP/1.1" 200 3405 "-" "'Mozilla/5.0 (compatible; GenomeCrawlerd/1.0; https://www.nokia.com/genomecrawler)'"
45.148.10.242 - - [06/Feb/2025:17:53:10 +0000] "GET /cgi-bin/luci/;stok=/locale HTTP/1.1" 200 3405 "-" "-"
208.66.176.1 - - [06/Feb/2025:18:00:42 +0000] "GET / HTTP/2.0" 200 3405 "-" "Mozilla/5.0 (Macintosh; Intel Mac OS X 10_15_7) AppleWebKit/605.1.15 (KHTML, like Gecko) Version/17.1 Safari/605.1.15"
208.66.176.1 - - [06/Feb/2025:18:00:42 +0000] "GET /css/index.css HTTP/2.0" 200 1615 "https://167.71.25.102/" "Mozilla/5.0 (Macintosh; Intel Mac OS X 10_15_7) AppleWebKit/605.1.15 (KHTML, like Gecko) Version/17.1 Safari/605.1.15"
208.66.176.1 - - [06/Feb/2025:18:00:43 +0000] "GET /images/skate_photo.jpg HTTP/2.0" 200 327193 "https://167.71.25.102/" "Mozilla/5.0 (Macintosh; Intel Mac OS X 10_15_7) AppleWebKit/605.1.15 (KHTML, like Gecko) Version/17.1 Safari/605.1.15"
95.214.55.43 - - [06/Feb/2025:18:02:23 +0000] "GET / HTTP/1.1" 200 3405 "-" "Mozilla/5.0 (Windows NT 10.0; Win64; x64) AppleWebKit/537.36 (KHTML, like Gecko) Chrome/90.0.4430.85 Safari/537.36 Edg/90.0.818.46"
123.160.221.142 - - [06/Feb/2025:18:11:05 +0000] "GET / HTTP/1.1" 200 3405 "-" "curl/7.64.1"
123.160.223.74 - - [06/Feb/2025:18:11:26 +0000] "GET / HTTP/1.1" 200 3405 "-" "Mozilla/5.0 (Macintosh; Intel Mac OS X 10_15_7) AppleWebKit/537.36 (KHTML, like Gecko) Chrome/96.0.4664.110 Safari/537.36"
123.160.223.72 - - [06/Feb/2025:18:11:27 +0000] "GET / HTTP/1.1" 200 3405 "-" "Mozilla/5.0 (Macintosh; Intel Mac OS X 11_0_0) AppleWebKit/537.36 (KHTML, like Gecko) Chrome/87.0.4280.88 Safari/537.36"
31.13.224.222 - - [06/Feb/2025:18:20:40 +0000] "GET /.env HTTP/1.1" 200 3405 "-" "Mozilla/4.0 (compatible; MSIE 6.0; Windows CE; IEMobile 7.11) Sprint:PPC6800"
31.13.224.222 - - [06/Feb/2025:18:21:55 +0000] "GET /.env HTTP/1.1" 200 3405 "-" "HTMLParser/1.6"
115.87.216.236 - - [06/Feb/2025:18:29:46 +0000] "GET / HTTP/1.0" 200 3405 "-" "curl/7.88.1"
87.120.112.20 - - [06/Feb/2025:18:47:34 +0000] "GET /.env HTTP/1.1" 200 3405 "-" "Mozilla/5.0 (X11; Linux x86_64) AppleWebKit/537.36 (KHTML, like Gecko) Chrome/65.0.3325.181 Safari/537.36"
208.66.176.1 - - [06/Feb/2025:18:47:59 +0000] "GET /index.html HTTP/2.0" 200 3405 "https://167.71.25.102/about.html" "Mozilla/5.0 (Macintosh; Intel Mac OS X 10_15_7) AppleWebKit/605.1.15 (KHTML, like Gecko) Version/17.1 Safari/605.1.15"
208.66.176.1 - - [06/Feb/2025:18:47:59 +0000] "GET /css/index.css HTTP/2.0" 304 0 "https://167.71.25.102/index.html" "Mozilla/5.0 (Macintosh; Intel Mac OS X 10_15_7) AppleWebKit/605.1.15 (KHTML, like Gecko) Version/17.1 Safari/605.1.15"
208.66.176.1 - - [06/Feb/2025:18:47:59 +0000] "GET /images/skate_photo.jpg HTTP/2.0" 304 0 "https://167.71.25.102/index.html" "Mozilla/5.0 (Macintosh; Intel Mac OS X 10_15_7) AppleWebKit/605.1.15 (KHTML, like Gecko) Version/17.1 Safari/605.1.15"
208.66.176.1 - - [06/Feb/2025:18:47:59 +0000] "GET /images/sweater_photo.jpg HTTP/2.0" 304 0 "https://167.71.25.102/index.html" "Mozilla/5.0 (Macintosh; Intel Mac OS X 10_15_7) AppleWebKit/605.1.15 (KHTML, like Gecko) Version/17.1 Safari/605.1.15"
208.66.176.1 - - [06/Feb/2025:18:48:01 +0000] "GET /index.html HTTP/2.0" 200 3405 "https://167.71.25.102/about.html" "Mozilla/5.0 (Macintosh; Intel Mac OS X 10_15_7) AppleWebKit/605.1.15 (KHTML, like Gecko) Version/17.1 Safari/605.1.15"
208.66.176.1 - - [06/Feb/2025:18:50:07 +0000] "GET /index.html HTTP/2.0" 200 3405 "https://167.71.25.102/about.html" "Mozilla/5.0 (Macintosh; Intel Mac OS X 10_15_7) AppleWebKit/605.1.15 (KHTML, like Gecko) Version/17.1 Safari/605.1.15"
208.66.176.1 - - [06/Feb/2025:18:53:18 +0000] "GET /about.html HTTP/2.0" 304 0 "https://167.71.25.102/index.html" "Mozilla/5.0 (Macintosh; Intel Mac OS X 10_15_7) AppleWebKit/605.1.15 (KHTML, like Gecko) Version/17.1 Safari/605.1.15"
208.66.176.1 - - [06/Feb/2025:18:53:18 +0000] "GET /images/ryan.jpeg HTTP/2.0" 304 0 "https://167.71.25.102/about.html" "Mozilla/5.0 (Macintosh; Intel Mac OS X 10_15_7) AppleWebKit/605.1.15 (KHTML, like Gecko) Version/17.1 Safari/605.1.15"
208.66.176.1 - - [06/Feb/2025:18:53:18 +0000] "GET /images/john.jpeg HTTP/2.0" 304 0 "https://167.71.25.102/about.html" "Mozilla/5.0 (Macintosh; Intel Mac OS X 10_15_7) AppleWebKit/605.1.15 (KHTML, like Gecko) Version/17.1 Safari/605.1.15"
208.66.176.1 - - [06/Feb/2025:18:53:18 +0000] "GET /images/wilson.jpeg HTTP/2.0" 304 0 "https://167.71.25.102/about.html" "Mozilla/5.0 (Macintosh; Intel Mac OS X 10_15_7) AppleWebKit/605.1.15 (KHTML, like Gecko) Version/17.1 Safari/605.1.15"
208.66.176.1 - - [06/Feb/2025:18:53:18 +0000] "GET /images/william.jpeg HTTP/2.0" 304 0 "https://167.71.25.102/about.html" "Mozilla/5.0 (Macintosh; Intel Mac OS X 10_15_7) AppleWebKit/605.1.15 (KHTML, like Gecko) Version/17.1 Safari/605.1.15"
208.66.176.1 - - [06/Feb/2025:18:53:18 +0000] "GET /images/team.jpeg HTTP/2.0" 304 0 "https://167.71.25.102/about.html" "Mozilla/5.0 (Macintosh; Intel Mac OS X 10_15_7) AppleWebKit/605.1.15 (KHTML, like Gecko) Version/17.1 Safari/605.1.15"
208.66.176.1 - - [06/Feb/2025:18:53:18 +0000] "GET /images/ryan.jpeg HTTP/2.0" 304 0 "https://167.71.25.102/about.html" "Mozilla/5.0 (Macintosh; Intel Mac OS X 10_15_7) AppleWebKit/605.1.15 (KHTML, like Gecko) Version/17.1 Safari/605.1.15"
208.66.176.1 - - [06/Feb/2025:18:53:18 +0000] "GET /images/john.jpeg HTTP/2.0" 304 0 "https://167.71.25.102/about.html" "Mozilla/5.0 (Macintosh; Intel Mac OS X 10_15_7) AppleWebKit/605.1.15 (KHTML, like Gecko) Version/17.1 Safari/605.1.15"
208.66.176.1 - - [06/Feb/2025:18:53:18 +0000] "GET /images/eli.jpg HTTP/2.0" 304 0 "https://167.71.25.102/about.html" "Mozilla/5.0 (Macintosh; Intel Mac OS X 10_15_7) AppleWebKit/605.1.15 (KHTML, like Gecko) Version/17.1 Safari/605.1.15"
208.66.176.1 - - [06/Feb/2025:18:53:18 +0000] "GET /images/wilson.jpeg HTTP/2.0" 304 0 "https://167.71.25.102/about.html" "Mozilla/5.0 (Macintosh; Intel Mac OS X 10_15_7) AppleWebKit/605.1.15 (KHTML, like Gecko) Version/17.1 Safari/605.1.15"
208.66.176.1 - - [06/Feb/2025:18:53:18 +0000] "GET /images/team.jpeg HTTP/2.0" 304 0 "https://167.71.25.102/about.html" "Mozilla/5.0 (Macintosh; Intel Mac OS X 10_15_7) AppleWebKit/605.1.15 (KHTML, like Gecko) Version/17.1 Safari/605.1.15"
208.66.176.1 - - [06/Feb/2025:18:53:18 +0000] "GET /images/william.jpeg HTTP/2.0" 304 0 "https://167.71.25.102/about.html" "Mozilla/5.0 (Macintosh; Intel Mac OS X 10_15_7) AppleWebKit/605.1.15 (KHTML, like Gecko) Version/17.1 Safari/605.1.15"
208.66.176.1 - - [06/Feb/2025:18:53:24 +0000] "GET /AboutUsPages/eli.html HTTP/2.0" 304 0 "https://167.71.25.102/about.html" "Mozilla/5.0 (Macintosh; Intel Mac OS X 10_15_7) AppleWebKit/605.1.15 (KHTML, like Gecko) Version/17.1 Safari/605.1.15"
208.66.176.1 - - [06/Feb/2025:18:53:24 +0000] "GET /images/eli-interest.webp HTTP/2.0" 304 0 "https://167.71.25.102/AboutUsPages/eli.html" "Mozilla/5.0 (Macintosh; Intel Mac OS X 10_15_7) AppleWebKit/605.1.15 (KHTML, like Gecko) Version/17.1 Safari/605.1.15"
208.66.176.1 - - [06/Feb/2025:18:53:24 +0000] "GET /images/eli-interest.webp HTTP/2.0" 304 0 "https://167.71.25.102/AboutUsPages/eli.html" "Mozilla/5.0 (Macintosh; Intel Mac OS X 10_15_7) AppleWebKit/605.1.15 (KHTML, like Gecko) Version/17.1 Safari/605.1.15"
208.66.176.1 - - [06/Feb/2025:18:53:35 +0000] "GET /AboutUsPages/william.html HTTP/2.0" 200 3446 "https://167.71.25.102/about.html" "Mozilla/5.0 (Macintosh; Intel Mac OS X 10_15_7) AppleWebKit/605.1.15 (KHTML, like Gecko) Version/17.1 Safari/605.1.15"
208.66.176.1 - - [06/Feb/2025:18:53:35 +0000] "GET /images/willInterest.jpg HTTP/2.0" 200 90103 "https://167.71.25.102/AboutUsPages/william.html" "Mozilla/5.0 (Macintosh; Intel Mac OS X 10_15_7) AppleWebKit/605.1.15 (KHTML, like Gecko) Version/17.1 Safari/605.1.15"
208.66.176.1 - - [06/Feb/2025:18:53:55 +0000] "GET /AboutUsPages/index.html HTTP/2.0" 200 3405 "https://167.71.25.102/AboutUsPages/william.html" "Mozilla/5.0 (Macintosh; Intel Mac OS X 10_15_7) AppleWebKit/605.1.15 (KHTML, like Gecko) Version/17.1 Safari/605.1.15"
208.66.176.1 - - [06/Feb/2025:18:53:55 +0000] "GET /AboutUsPages/css/index.css HTTP/2.0" 200 3405 "https://167.71.25.102/AboutUsPages/index.html" "Mozilla/5.0 (Macintosh; Intel Mac OS X 10_15_7) AppleWebKit/605.1.15 (KHTML, like Gecko) Version/17.1 Safari/605.1.15"
208.66.176.1 - - [06/Feb/2025:18:53:55 +0000] "GET /AboutUsPages/images/skate_photo.jpg HTTP/2.0" 200 3405 "https://167.71.25.102/AboutUsPages/index.html" "Mozilla/5.0 (Macintosh; Intel Mac OS X 10_15_7) AppleWebKit/605.1.15 (KHTML, like Gecko) Version/17.1 Safari/605.1.15"
208.66.176.1 - - [06/Feb/2025:18:53:56 +0000] "GET /AboutUsPages/images/sweater_photo.jpg HTTP/2.0" 200 3405 "https://167.71.25.102/AboutUsPages/index.html" "Mozilla/5.0 (Macintosh; Intel Mac OS X 10_15_7) AppleWebKit/605.1.15 (KHTML, like Gecko) Version/17.1 Safari/605.1.15"
164.90.160.84 - - [06/Feb/2025:19:04:18 +0000] "GET / HTTP/1.1" 200 3405 "-" "Mozilla/5.0 (Windows NT 6.3; rv:52.1.0) Gecko/20100101 Firefox/52.1.0"
164.90.160.84 - - [06/Feb/2025:19:04:40 +0000] "GET / HTTP/1.1" 200 3405 "-" "Mozilla/5.0 (Windows NT 6.2; WOW64) AppleWebKit/537.36 (KHTML, like Gecko) Chrome/64.0.3282.137 Safari/537.36"
208.66.176.1 - - [06/Feb/2025:19:17:22 +0000] "GET /index.html HTTP/2.0" 200 3405 "-" "Mozilla/5.0 (Macintosh; Intel Mac OS X 10_15_7) AppleWebKit/605.1.15 (KHTML, like Gecko) Version/17.1 Safari/605.1.15"
208.66.176.1 - - [06/Feb/2025:19:17:25 +0000] "GET / HTTP/1.1" 200 3405 "-" "Mozilla/5.0 (Macintosh; Intel Mac OS X 10_15_7) AppleWebKit/537.36 (KHTML, like Gecko) Chrome/132.0.0.0 Safari/537.36"
208.66.176.1 - - [06/Feb/2025:19:17:25 +0000] "GET /css/index.css HTTP/1.1" 200 1615 "http://167.71.25.102/" "Mozilla/5.0 (Macintosh; Intel Mac OS X 10_15_7) AppleWebKit/537.36 (KHTML, like Gecko) Chrome/132.0.0.0 Safari/537.36"
208.66.176.1 - - [06/Feb/2025:19:17:25 +0000] "GET /images/skate_photo.jpg HTTP/1.1" 200 327193 "http://167.71.25.102/" "Mozilla/5.0 (Macintosh; Intel Mac OS X 10_15_7) AppleWebKit/537.36 (KHTML, like Gecko) Chrome/132.0.0.0 Safari/537.36"
208.66.176.1 - - [06/Feb/2025:19:17:25 +0000] "GET /images/sweater_photo.jpg HTTP/1.1" 200 338525 "http://167.71.25.102/" "Mozilla/5.0 (Macintosh; Intel Mac OS X 10_15_7) AppleWebKit/537.36 (KHTML, like Gecko) Chrome/132.0.0.0 Safari/537.36"
104.28.50.146 - - [06/Feb/2025:19:18:03 +0000] "GET / HTTP/1.1" 200 3405 "-" "Mozilla/5.0 (Macintosh; Intel Mac OS X 10_15_7) AppleWebKit/537.36 (KHTML, like Gecko) Chrome/131.0.0.0 Safari/537.36"
104.28.50.146 - - [06/Feb/2025:19:18:03 +0000] "GET /css/index.css HTTP/1.1" 200 1615 "http://167.71.25.102/" "Mozilla/5.0 (Macintosh; Intel Mac OS X 10_15_7) AppleWebKit/537.36 (KHTML, like Gecko) Chrome/131.0.0.0 Safari/537.36"
104.28.50.146 - - [06/Feb/2025:19:18:04 +0000] "GET /images/skate_photo.jpg HTTP/1.1" 200 327193 "http://167.71.25.102/" "Mozilla/5.0 (Macintosh; Intel Mac OS X 10_15_7) AppleWebKit/537.36 (KHTML, like Gecko) Chrome/131.0.0.0 Safari/537.36"
104.28.50.146 - - [06/Feb/2025:19:18:04 +0000] "GET /images/sweater_photo.jpg HTTP/1.1" 200 338525 "http://167.71.25.102/" "Mozilla/5.0 (Macintosh; Intel Mac OS X 10_15_7) AppleWebKit/537.36 (KHTML, like Gecko) Chrome/131.0.0.0 Safari/537.36"
45.148.10.242 - - [06/Feb/2025:19:18:36 +0000] "GET /cgi-bin/luci/;stok=/locale HTTP/1.1" 200 3405 "-" "-"
208.66.176.1 - - [06/Feb/2025:19:20:34 +0000] "GET /index.html HTTP/2.0" 200 3405 "-" "Mozilla/5.0 (Macintosh; Intel Mac OS X 10_15_7) AppleWebKit/605.1.15 (KHTML, like Gecko) Version/17.1 Safari/605.1.15"
45.95.169.130 - - [06/Feb/2025:19:25:26 +0000] "POST /index.htm HTTP/1.1" 400 650 "-" "Mozilla/5.0 (Windows NT 10.0; WOW64) AppleWebKit/537.36 (KHTML, like Gecko) Chrome/72.0.3626.121 Safari/537.36"
45.95.169.130 - - [06/Feb/2025:19:25:36 +0000] "aaaabbbbccccdddd\x00\x00\x00\x00\x00\x00\x00\x00,k\x00\x00\x04\x00\x00\x00\x92\x10" 400 150 "-" "-"
45.95.169.130 - - [06/Feb/2025:19:25:36 +0000] "\x10 \x00\x00BBBB\xBA\x8C\xC1\xABDAAA" 400 150 "-" "-"
195.178.110.98 - - [06/Feb/2025:19:28:13 +0000] "GET /config/.env HTTP/1.1" 200 3405 "-" "Mozilla/5.0 (compatible; Konqueror/4.5; FreeBSD) KHTML/4.5.4 (like Gecko)"
185.242.226.154 - - [06/Feb/2025:19:31:57 +0000] "GET / HTTP/1.1" 200 3405 "-" "Mozilla/5.0 (Windows NT 10.0; Win64; x64) AppleWebKit/537.36 (KHTML, like Gecko) Chrome/88.0.4324.190 Safari/537.36"
98.81.188.157 - - [06/Feb/2025:19:45:45 +0000] "GET / HTTP/1.1" 200 3405 "-" "Mozilla/5.0 (Windows NT 10.0; Win64; x64) AppleWebKit/537.36 (KHTML, like Gecko) Chrome/58.0.3029.110 Safari/537.3"
175.107.36.43 - - [06/Feb/2025:19:52:09 +0000] "POST /GponForm/diag_Form?images/ HTTP/1.1" 405 150 "-" "Hello, World"
175.107.36.43 - - [06/Feb/2025:19:52:09 +0000] "sh+/tmp/gpon80&ipv=0" 400 150 "-" "-"
40.118.214.29 - - [06/Feb/2025:19:58:44 +0000] "GET / HTTP/1.1" 200 3405 "-" "Mozilla/5.0 zgrab/0.x"
157.230.42.196 - - [06/Feb/2025:20:02:38 +0000] "GET /.env HTTP/1.1" 200 3405 "-" "Mozilla/5.0 Keydrop"
157.230.42.196 - - [06/Feb/2025:20:02:38 +0000] "GET /.env HTTP/1.1" 400 248 "-" "Mozilla/5.0 Keydrop"
141.255.166.90 - - [06/Feb/2025:20:13:30 +0000] "GET / HTTP/1.1" 200 3405 "-" "-"
141.255.166.90 - - [06/Feb/2025:20:13:31 +0000] "PUT /v1/agent/service/register  HTTP/1.1" 400 150 "-" "-"
152.42.136.45 - - [06/Feb/2025:20:14:11 +0000] "GET / HTTP/1.1" 200 3405 "-" "Mozilla/5.0 (Windows NT 10.0; Win64; x64; rv:109.0) Gecko/20100101 Firefox/118.0"
136.62.66.210 - - [06/Feb/2025:20:14:39 +0000] "GET / HTTP/1.1" 304 0 "-" "Mozilla/5.0 (Macintosh; Intel Mac OS X 10_15_7) AppleWebKit/537.36 (KHTML, like Gecko) Chrome/132.0.0.0 Safari/537.36"
45.148.10.242 - - [06/Feb/2025:20:19:15 +0000] "GET /cgi-bin/luci/;stok=/locale HTTP/1.1" 200 3405 "-" "-"
167.94.145.111 - - [06/Feb/2025:20:28:36 +0000] "GET / HTTP/1.1" 200 3405 "-" "-"
167.94.145.111 - - [06/Feb/2025:20:28:39 +0000] "GET / HTTP/1.1" 200 3405 "-" "Mozilla/5.0 (compatible; CensysInspect/1.1; +https://about.censys.io/)"
167.94.145.111 - - [06/Feb/2025:20:28:40 +0000] "GET /favicon.ico HTTP/1.1" 200 3405 "-" "Mozilla/5.0 (compatible; CensysInspect/1.1; +https://about.censys.io/)"
193.68.89.5 - - [06/Feb/2025:20:29:15 +0000] "GET / HTTP/1.1" 200 3405 "-" "Mozilla/5.0 (Windows NT 10.0; Win64; x64) AppleWebKit/537.36 (KHTML, like Gecko) Chrome/128.0.0.0 Safari/537.36"
48.216.197.142 - - [06/Feb/2025:20:38:35 +0000] "MGLNDD_167.71.25.102_443" 400 150 "-" "-"
136.62.66.210 - - [06/Feb/2025:20:42:18 +0000] "GET / HTTP/1.1" 304 0 "-" "Mozilla/5.0 (Macintosh; Intel Mac OS X 10_15_7) AppleWebKit/537.36 (KHTML, like Gecko) Chrome/132.0.0.0 Safari/537.36"
173.212.194.245 - - [06/Feb/2025:20:45:12 +0000] "GET /.env HTTP/1.1" 200 3405 "-" "Mozilla/5.0 (X11; Linux x86_64) AppleWebKit/537.36 (KHTML, like Gecko) Chrome/81.0.4044.129 Safari/537.36"
173.212.194.245 - - [06/Feb/2025:20:45:12 +0000] "POST / HTTP/1.1" 405 552 "-" "Mozilla/5.0 (X11; Linux x86_64) AppleWebKit/537.36 (KHTML, like Gecko) Chrome/81.0.4044.129 Safari/537.36"
136.62.66.210 - - [06/Feb/2025:20:45:36 +0000] "GET / HTTP/1.1" 304 0 "-" "Mozilla/5.0 (Macintosh; Intel Mac OS X 10_15_7) AppleWebKit/537.36 (KHTML, like Gecko) Chrome/132.0.0.0 Safari/537.36"
136.62.66.210 - - [06/Feb/2025:20:45:47 +0000] "GET / HTTP/1.1" 304 0 "-" "Mozilla/5.0 (Macintosh; Intel Mac OS X 10_15_7) AppleWebKit/537.36 (KHTML, like Gecko) Chrome/132.0.0.0 Safari/537.36"
136.62.66.210 - - [06/Feb/2025:20:47:49 +0000] "GET / HTTP/1.1" 304 0 "-" "Mozilla/5.0 (Macintosh; Intel Mac OS X 10_15_7) AppleWebKit/537.36 (KHTML, like Gecko) Chrome/132.0.0.0 Safari/537.36"
136.62.66.210 - - [06/Feb/2025:20:48:10 +0000] "GET / HTTP/1.1" 304 0 "-" "Mozilla/5.0 (Macintosh; Intel Mac OS X 10_15_7) AppleWebKit/537.36 (KHTML, like Gecko) Chrome/132.0.0.0 Safari/537.36"
36.106.167.254 - - [06/Feb/2025:21:00:45 +0000] "GET / HTTP/1.1" 200 3405 "-" "-"
111.224.221.188 - - [06/Feb/2025:21:01:40 +0000] "GET / HTTP/1.1" 200 3405 "-" "Mozilla/5.0 (Windows NT 6.1) AppleWebKit/537.36 (KHTML, like Gecko) Chrome/49.0.2623.112 Safari/537.36"
219.143.174.43 - - [06/Feb/2025:21:01:42 +0000] "GET /favicon.ico HTTP/1.1" 200 3405 "-" "Mozilla/5.0 (Windows NT 6.1) AppleWebKit/537.36 (KHTML, like Gecko) Chrome/49.0.2623.112 Safari/537.36"
92.255.57.58 - - [06/Feb/2025:21:05:57 +0000] "GET /?XDEBUG_SESSION_START=phpstorm HTTP/1.1" 200 3405 "-" "Mozilla/5.0 (Windows NT 10.0; Win64; x64) AppleWebKit/537.36 (KHTML, like Gecko) Chrome/78.0.3904.108 Safari/537.36"
185.247.137.235 - - [06/Feb/2025:21:12:53 +0000] "GET / HTTP/1.1" 200 3405 "-" "Mozilla/5.0 (compatible; InternetMeasurement/1.0; +https://internet-measurement.com/)"
78.153.140.149 - - [06/Feb/2025:21:43:44 +0000] "GET /.env HTTP/1.1" 200 3405 "-" "Mozilla/5.0 (Windows NT 10.0; Win64; x64) AppleWebKit/537.36 (KHTML, like Gecko) Chrome/116.0.5845.140 Safari/537.36"
78.153.140.149 - - [06/Feb/2025:21:43:44 +0000] "POST / HTTP/1.1" 405 552 "-" "Mozilla/5.0 (Windows NT 10.0; Win64; x64) AppleWebKit/537.36 (KHTML, like Gecko) Chrome/116.0.5845.140 Safari/537.36"
78.153.140.149 - - [06/Feb/2025:21:43:44 +0000] "GET /.env HTTP/1.1" 200 3405 "-" "Mozilla/5.0 (Windows NT 10.0; Win64; x64) AppleWebKit/537.36 (KHTML, like Gecko) Chrome/116.0.5845.140 Safari/537.36"
78.153.140.149 - - [06/Feb/2025:21:43:45 +0000] "POST / HTTP/1.1" 405 552 "-" "Mozilla/5.0 (Windows NT 10.0; Win64; x64) AppleWebKit/537.36 (KHTML, like Gecko) Chrome/116.0.5845.140 Safari/537.36"
86.151.10.116 - - [06/Feb/2025:21:46:11 +0000] "GET / HTTP/1.0" 200 3405 "-" "curl/7.88.1"
185.242.226.159 - - [06/Feb/2025:22:04:34 +0000] "GET / HTTP/1.1" 200 3405 "-" "Mozilla/5.0 (Windows NT 10.0; Win64; x64) AppleWebKit/537.36 (KHTML, like Gecko) Chrome/88.0.4324.190 Safari/537.36"
92.255.57.58 - - [06/Feb/2025:22:18:55 +0000] "GET /actuator/gateway/routes HTTP/1.1" 200 3405 "-" "Mozilla/5.0 (Windows NT 10.0; Win64; x64) AppleWebKit/537.36 (KHTML, like Gecko) Chrome/78.0.3904.108 Safari/537.36"
34.79.161.19 - - [06/Feb/2025:22:22:33 +0000] "GET / HTTP/1.1" 200 3405 "-" "python-requests/2.32.3"
154.212.141.136 - - [06/Feb/2025:22:31:53 +0000] "GET / HTTP/1.1" 200 3405 "-" "-"
46.19.138.234 - - [06/Feb/2025:22:36:29 +0000] "GET / HTTP/1.1" 200 3405 "-" "Mozilla/5.0 (Windows NT 10.0; Win64; x64) AppleWebKit/537.36 (KHTML, like Gecko) Chrome/90.0.4430.85 Safari/537.36 Edg/90.0.818.46"
92.255.57.58 - - [06/Feb/2025:22:55:31 +0000] "\x16\x03\x01\x05\xA8\x01\x00\x05\xA4\x03\x03\x11\xCB\xF5bF\x83\x82\x1A\xF3l\x22\xBD\x09\x88\x00\x92\x85n\xAE\x90\x1C\x8DE7\x80\x9A\xE3\xAF\x15c\x89l \xBC\x7F\xD1\xC0\xE0]\x09\xB2\x85E~\x98\x1B\xD1Q\x87}\x892\xEE\xCE\x13\x11\xB6\xC3'\x88a\x93\x87\x15\xCA\x00\x1A\xC0+\xC0/\xC0,\xC00\xCC\xA9\xCC\xA8\xC0\x09\xC0\x13\xC0" 400 150 "-" "-"
162.216.149.254 - - [06/Feb/2025:23:25:36 +0000] "GET / HTTP/1.1" 200 3405 "-" "Expanse, a Palo Alto Networks company, searches across the global IPv4 space multiple times per day to identify customers&#39; presences on the Internet. If you would like to be excluded from our scans, please send IP addresses/domains to: scaninfo@paloaltonetworks.com"
172.206.142.52 - - [07/Feb/2025:00:08:17 +0000] "GET / HTTP/1.1" 200 3405 "-" "Mozilla/5.0 zgrab/0.x"
136.62.66.210 - - [07/Feb/2025:00:12:48 +0000] "GET / HTTP/1.1" 304 0 "-" "Mozilla/5.0 (Macintosh; Intel Mac OS X 10_15_7) AppleWebKit/537.36 (KHTML, like Gecko) Chrome/132.0.0.0 Safari/537.36"
136.62.66.210 - - [07/Feb/2025:00:12:48 +0000] "GET /css/index.css HTTP/1.1" 304 0 "http://167.71.25.102/" "Mozilla/5.0 (Macintosh; Intel Mac OS X 10_15_7) AppleWebKit/537.36 (KHTML, like Gecko) Chrome/132.0.0.0 Safari/537.36"
136.62.66.210 - - [07/Feb/2025:00:12:48 +0000] "GET /images/skate_photo.jpg HTTP/1.1" 304 0 "http://167.71.25.102/" "Mozilla/5.0 (Macintosh; Intel Mac OS X 10_15_7) AppleWebKit/537.36 (KHTML, like Gecko) Chrome/132.0.0.0 Safari/537.36"
136.62.66.210 - - [07/Feb/2025:00:12:48 +0000] "GET /images/sweater_photo.jpg HTTP/1.1" 304 0 "http://167.71.25.102/" "Mozilla/5.0 (Macintosh; Intel Mac OS X 10_15_7) AppleWebKit/537.36 (KHTML, like Gecko) Chrome/132.0.0.0 Safari/537.36"
179.43.191.146 - - [07/Feb/2025:00:25:43 +0000] "GET / HTTP/1.1" 200 3405 "-" "Mozilla/5.0 (Windows NT 10.0; Win64; x64) AppleWebKit/537.36 (KHTML, like Gecko) Chrome/90.0.4430.85 Safari/537.36 Edg/90.0.818.46"
78.153.140.149 - - [07/Feb/2025:01:04:53 +0000] "GET /.env HTTP/1.1" 200 3405 "-" "Mozilla/5.0 (Windows NT 10.0; Win64; x64) AppleWebKit/537.36 (KHTML, like Gecko) Chrome/116.0.5845.140 Safari/537.36"
78.153.140.149 - - [07/Feb/2025:01:04:54 +0000] "POST / HTTP/1.1" 405 552 "-" "Mozilla/5.0 (Windows NT 10.0; Win64; x64) AppleWebKit/537.36 (KHTML, like Gecko) Chrome/116.0.5845.140 Safari/537.36"
78.153.140.149 - - [07/Feb/2025:01:04:54 +0000] "GET /.env HTTP/1.1" 200 3405 "-" "Mozilla/5.0 (Windows NT 10.0; Win64; x64) AppleWebKit/537.36 (KHTML, like Gecko) Chrome/116.0.5845.140 Safari/537.36"
78.153.140.149 - - [07/Feb/2025:01:04:54 +0000] "POST / HTTP/1.1" 405 552 "-" "Mozilla/5.0 (Windows NT 10.0; Win64; x64) AppleWebKit/537.36 (KHTML, like Gecko) Chrome/116.0.5845.140 Safari/537.36"
95.214.55.43 - - [07/Feb/2025:01:16:54 +0000] "GET / HTTP/1.1" 200 3405 "-" "Mozilla/5.0 (Windows NT 10.0; Win64; x64) AppleWebKit/537.36 (KHTML, like Gecko) Chrome/90.0.4430.85 Safari/537.36 Edg/90.0.818.46"
45.148.10.242 - - [07/Feb/2025:01:43:42 +0000] "GET /cgi-bin/luci/;stok=/locale HTTP/1.1" 200 3405 "-" "-"
87.251.78.131 - - [07/Feb/2025:01:47:47 +0000] "GET / HTTP/1.1" 200 3405 "https://www.google.com/" "Mozilla/5.0 (Windows NT 10.0; Win64; x64) AppleWebKit/537.36 (KHTML, like Gecko) Chrome/91.0.4472.124 Safari/537.36"
46.19.143.58 - - [07/Feb/2025:02:09:12 +0000] "GET / HTTP/1.1" 200 3405 "-" "Mozilla/5.0 (Windows NT 10.0; Win64; x64) AppleWebKit/537.36 (KHTML, like Gecko) Chrome/90.0.4430.85 Safari/537.36 Edg/90.0.818.46"
117.108.47.17 - - [07/Feb/2025:02:17:02 +0000] "GET / HTTP/1.0" 200 3405 "-" "curl/7.88.1"
141.255.166.90 - - [07/Feb/2025:02:17:12 +0000] "GET / HTTP/1.1" 200 3405 "-" "-"
141.255.166.90 - - [07/Feb/2025:02:17:13 +0000] "PUT /v1/agent/service/register  HTTP/1.1" 400 150 "-" "-"
87.120.115.34 - - [07/Feb/2025:02:32:07 +0000] "GET /.env HTTP/1.1" 200 3405 "-" "Mozilla/5.0 (Macintosh; Intel Mac OS X 14.5) AppleWebKit/605.1.15 (KHTML, like Gecko) Version/17.5 Safari/605.1.15"
184.105.139.70 - - [07/Feb/2025:02:42:37 +0000] "\x16\x03\x01\x00{\x01\x00\x00w\x03\x03\x91{\xA1\x12\xBC\xBEKMi\xDC\x92\xA9j`\x99rc\xC6K\xAA" 400 150 "-" "-"
172.169.109.46 - - [07/Feb/2025:02:43:39 +0000] "MGLNDD_167.71.25.102_80" 400 150 "-" "-"
45.148.10.242 - - [07/Feb/2025:03:03:15 +0000] "GET /cgi-bin/luci/;stok=/locale HTTP/1.1" 200 3405 "-" "-"
45.58.159.185 - - [07/Feb/2025:03:13:56 +0000] "GET /.env HTTP/1.1" 200 3405 "-" "Mozilla/5.0 Keydrop"
45.58.159.185 - - [07/Feb/2025:03:13:56 +0000] "GET /.env HTTP/1.1" 400 248 "-" "Mozilla/5.0 Keydrop"
162.216.150.51 - - [07/Feb/2025:03:26:08 +0000] "GET / HTTP/1.1" 200 3405 "-" "Expanse, a Palo Alto Networks company, searches across the global IPv4 space multiple times per day to identify customers&#39; presences on the Internet. If you would like to be excluded from our scans, please send IP addresses/domains to: scaninfo@paloaltonetworks.com"
45.148.10.242 - - [07/Feb/2025:03:35:07 +0000] "GET /cgi-bin/luci/;stok=/locale HTTP/1.1" 200 3405 "-" "-"
106.75.14.149 - - [07/Feb/2025:03:36:09 +0000] "GET / HTTP/1.1" 200 3405 "-" "-"
106.75.16.124 - - [07/Feb/2025:03:36:53 +0000] "GET / HTTP/1.1" 200 3405 "-" "-"
185.17.3.103 - - [07/Feb/2025:03:38:05 +0000] "GET / HTTP/1.1" 200 3405 "-" "python-requests/2.32.3"
172.105.128.12 - - [07/Feb/2025:03:45:40 +0000] "\x16\x03\x01\x01" 400 150 "-" "-"
172.105.128.12 - - [07/Feb/2025:03:45:41 +0000] "\x16\x03\x01\x01" 400 150 "-" "-"
198.235.24.79 - - [07/Feb/2025:03:53:56 +0000] "\x16\x03\x01\x00\xCA\x01\x00\x00\xC6\x03\x03\xC9\xB5\xFE\x84\xE3#\xD9\xB9\xA9\x91\x8B\x03\x10U\xD5R\x18\xD5\x81\xA1(\x5C\x03(|\xFE\x03A\xE7_\xD1\xDF\x00\x00h\xCC\x14\xCC\x13\xC0/\xC0+\xC00\xC0,\xC0\x11\xC0\x07\xC0'\xC0#\xC0\x13\xC0\x09\xC0(\xC0$\xC0\x14\xC0" 400 150 "-" "-"
198.235.24.79 - - [07/Feb/2025:03:53:56 +0000] "\x16\x03\x01\x00\xEE\x01\x00\x00\xEA\x03\x039\x1D\x92u\xE5\xF5\xF7\xDB\xA4\xD2\xC5G\xA1\xC6R\xB4\xEC\xC9$6x\xFF\xF3\xF8#\x9B`\xFC\xCD/\x1BD \x1F\xDA\xE8\xF0\xDE" 400 150 "-" "-"
141.255.166.90 - - [07/Feb/2025:03:57:34 +0000] "GET / HTTP/1.1" 200 3405 "-" "-"
141.255.166.90 - - [07/Feb/2025:03:57:35 +0000] "PUT /v1/agent/service/register  HTTP/1.1" 400 150 "-" "-"
103.149.26.249 - - [07/Feb/2025:04:05:13 +0000] "GET / HTTP/1.1" 200 3405 "https://148.68.198.30" "Mozilla/5.0 (Windows NT 6.1) AppleWebKit/537.36 (KHTML, like Gecko) Chrome/49.0.2623.112 Safari/537.36"
103.149.26.249 - - [07/Feb/2025:04:05:14 +0000] "GET /favicon.ico HTTP/1.1" 200 3405 "https://167.71.25.102" "Mozilla/5.0 (Windows NT 6.1) AppleWebKit/537.36 (KHTML, like Gecko) Chrome/49.0.2623.112 Safari/537.36"
103.149.26.249 - - [07/Feb/2025:04:05:15 +0000] "GET /favicon.ico HTTP/1.1" 200 3405 "https://167.71.25.102" "Mozilla/5.0 (Windows NT 6.1) AppleWebKit/537.36 (KHTML, like Gecko) Chrome/49.0.2623.112 Safari/537.36"
185.242.226.154 - - [07/Feb/2025:04:10:34 +0000] "GET / HTTP/1.1" 200 3405 "-" "Mozilla/5.0 (Windows NT 10.0; Win64; x64) AppleWebKit/537.36 (KHTML, like Gecko) Chrome/88.0.4324.190 Safari/537.36"
159.89.162.133 - - [07/Feb/2025:04:40:05 +0000] "GET / HTTP/1.1" 200 3405 "-" "Mozilla/5.0 (Windows NT 10.0; Win64; x64) AppleWebKit/537.36 (KHTML, like Gecko) Chrome/125.0.0.0 Safari/537.36"
159.89.162.133 - - [07/Feb/2025:04:40:06 +0000] "GET /favicon.ico HTTP/1.1" 200 3405 "-" "Go-http-client/1.1"
143.244.133.104 - - [07/Feb/2025:04:40:13 +0000] "GET / HTTP/1.1" 400 650 "-" "Mozilla/5.0 (Windows NT 10.0; Win64; x64) AppleWebKit/537.36 (KHTML, like Gecko) Chrome/125.0.0.0 Safari/537.36"
143.244.133.104 - - [07/Feb/2025:04:40:14 +0000] "GET / HTTP/1.1" 200 3405 "-" "Mozilla/5.0 (Windows NT 10.0; Win64; x64) AppleWebKit/537.36 (KHTML, like Gecko) Chrome/125.0.0.0 Safari/537.36"
143.244.133.104 - - [07/Feb/2025:04:40:15 +0000] "GET /favicon.ico HTTP/1.1" 200 3405 "-" "Go-http-client/1.1"
80.82.77.202 - - [07/Feb/2025:05:07:54 +0000] "\x16\x03\x02\x01o\x01\x00\x01k\x03\x02RH\xC5\x1A#\xF7:N\xDF\xE2\xB4\x82/\xFF\x09T\x9F\xA7\xC4y\xB0h\xC6\x13\x8C\xA4\x1C=\x22\xE1\x1A\x98 \x84\xB4,\x85\xAFn\xE3Y\xBBbhl\xFF(=':\xA9\x82\xD9o\xC8\xA2\xD7\x93\x98\xB4\xEF\x80\xE5\xB9\x90\x00(\xC0" 400 150 "-" "-"
92.255.57.58 - - [07/Feb/2025:05:13:10 +0000] "GET /_ignition/execute-solution HTTP/1.1" 200 3405 "-" "Mozilla/5.0 (Windows NT 10.0; Win64; x64) AppleWebKit/537.36 (KHTML, like Gecko) Chrome/78.0.3904.108 Safari/537.36"
92.255.57.86 - - [07/Feb/2025:05:13:12 +0000] "GET /remote/login HTTP/1.1" 200 3405 "-" "Mozilla/5.0 (Windows NT 10.0; Win64; x64) AppleWebKit/537.36 (KHTML, like Gecko) Chrome/115.0.0.0 Safari/537.36 Edg/115.0.1901.203"
92.255.57.86 - - [07/Feb/2025:05:13:13 +0000] "GET /login HTTP/1.1" 200 3405 "-" "Mozilla/5.0 (Windows NT 10.0; Win64; x64) AppleWebKit/537.36 (KHTML, like Gecko) Chrome/115.0.0.0 Safari/537.36 Edg/115.0.1901.203"
45.148.10.242 - - [07/Feb/2025:05:18:16 +0000] "GET /cgi-bin/luci/;stok=/locale HTTP/1.1" 200 3405 "-" "-"
92.255.57.58 - - [07/Feb/2025:05:23:21 +0000] "GET /console/ HTTP/1.1" 200 3405 "-" "Mozilla/5.0 (Windows NT 10.0; Win64; x64) AppleWebKit/537.36 (KHTML, like Gecko) Chrome/78.0.3904.108 Safari/537.36"
205.210.31.96 - - [07/Feb/2025:05:34:23 +0000] "GET / HTTP/1.0" 200 3405 "-" "Expanse, a Palo Alto Networks company, searches across the global IPv4 space multiple times per day to identify customers&#39; presences on the Internet. If you would like to be excluded from our scans, please send IP addresses/domains to: scaninfo@paloaltonetworks.com"
209.126.83.235 - - [07/Feb/2025:05:36:04 +0000] "GET / HTTP/1.1" 200 3405 "-" "Mozilla/5.0 (Macintosh; Intel Mac OS X 10_15_7) AppleWebKit/605.1.15 (KHTML, like Gecko) Version/17.4.1 Safari/605.7.19"
209.126.83.235 - - [07/Feb/2025:05:36:04 +0000] "GET /favicon.ico HTTP/1.1" 200 3405 "-" "Mozilla/5.0 (Macintosh; Intel Mac OS X 10_15_7) AppleWebKit/605.1.15 (KHTML, like Gecko) Version/17.4.1 Safari/605.7.19"
64.23.156.175 - - [07/Feb/2025:05:36:42 +0000] "POST /cgi-bin/.%2e/.%2e/.%2e/.%2e/.%2e/.%2e/.%2e/.%2e/.%2e/.%2e/bin/sh HTTP/1.1" 400 150 "-" "-"
46.19.138.234 - - [07/Feb/2025:05:42:50 +0000] "GET / HTTP/1.1" 200 3405 "-" "Mozilla/5.0 (Windows NT 10.0; Win64; x64) AppleWebKit/537.36 (KHTML, like Gecko) Chrome/90.0.4430.85 Safari/537.36 Edg/90.0.818.46"
92.255.57.58 - - [07/Feb/2025:05:44:35 +0000] "GET /?XDEBUG_SESSION_START=phpstorm HTTP/1.1" 200 3405 "-" "Mozilla/5.0 (Windows NT 10.0; Win64; x64) AppleWebKit/537.36 (KHTML, like Gecko) Chrome/78.0.3904.108 Safari/537.36"
141.255.166.90 - - [07/Feb/2025:05:48:47 +0000] "GET / HTTP/1.1" 200 3405 "-" "-"
141.255.166.90 - - [07/Feb/2025:05:48:49 +0000] "PUT /v1/agent/service/register  HTTP/1.1" 400 150 "-" "-"
185.180.140.101 - - [07/Feb/2025:05:58:29 +0000] "GET / HTTP/1.1" 200 3405 "-" "Mozilla/5.0 (Windows NT 10.0; Win64; x64) AppleWebKit/537.36 (KHTML, like Gecko) Chrome/60.0.3112.113 Safari/537.36"
185.180.140.107 - - [07/Feb/2025:05:59:11 +0000] "GET / HTTP/1.1" 200 3405 "-" "Mozilla/5.0 (Windows NT 10.0; Win64; x64) AppleWebKit/537.36 (KHTML, like Gecko) Chrome/60.0.3112.113 Safari/537.36"
4.151.230.19 - - [07/Feb/2025:06:25:24 +0000] "GET /version HTTP/1.1" 200 3405 "-" "Mozilla/5.0 zgrab/0.x"
92.255.57.58 - - [07/Feb/2025:06:32:15 +0000] "GET /vendor/phpunit/phpunit/src/Util/PHP/eval-stdin.php HTTP/1.1" 404 548 "-" "Mozilla/5.0 (Windows NT 10.0; Win64; x64) AppleWebKit/537.36 (KHTML, like Gecko) Chrome/78.0.3904.108 Safari/537.36"
80.82.77.202 - - [07/Feb/2025:06:40:55 +0000] "GET / HTTP/1.0" 200 3405 "-" "Opera/10.61 (J2ME/MIDP; Opera Mini/5.1.21219/19.999; en-US; rv:1.9.3a5) WebKit/534.5 Presto/2.6.30"
92.255.57.58 - - [07/Feb/2025:06:41:47 +0000] "POST /vendor/phpunit/phpunit/src/Util/PHP/eval-stdin.php HTTP/1.1" 404 548 "-" "Mozilla/5.0 (Windows NT 10.0; Win64; x64) AppleWebKit/537.36 (KHTML, like Gecko) Chrome/78.0.3904.108 Safari/537.36"
104.248.145.240 - - [07/Feb/2025:06:45:46 +0000] "GET /ab2g HTTP/1.1" 200 3405 "-" "Mozilla/5.0 zgrab/0.x"
104.248.145.240 - - [07/Feb/2025:06:45:47 +0000] "GET /ab2h HTTP/1.1" 200 3405 "-" "Mozilla/5.0 zgrab/0.x"
104.248.145.240 - - [07/Feb/2025:06:45:48 +0000] "GET /alive.php HTTP/1.1" 404 548 "-" "Mozilla/5.0 (Windows NT 10.0; Win64; x64) AppleWebKit/537.36 (KHTML, like Gecko) Chrome/108.0.0.0 Safari/537.36"
104.248.145.240 - - [07/Feb/2025:06:45:55 +0000] "GET / HTTP/1.1" 400 650 "-" "Mozilla/5.0 (Windows NT 10.0; Win64; x64) AppleWebKit/537.36 (KHTML, like Gecko) Chrome/108.0.0.0 Safari/537.36"
104.248.145.240 - - [07/Feb/2025:06:45:56 +0000] "GET / HTTP/1.1" 200 3405 "-" "Mozilla/5.0 (Windows NT 10.0; Win64; x64) AppleWebKit/537.36 (KHTML, like Gecko) Chrome/108.0.0.0 Safari/537.36"
104.248.145.240 - - [07/Feb/2025:06:45:57 +0000] "GET /t4 HTTP/1.1" 400 248 "-" "Mozilla/5.0"
104.248.145.240 - - [07/Feb/2025:06:45:58 +0000] "GET /t4 HTTP/1.1" 200 3405 "-" "Mozilla/5.0"
104.248.145.240 - - [07/Feb/2025:06:45:58 +0000] "GET /favicon.ico HTTP/1.1" 400 650 "-" "Mozilla/5.0 (Windows NT 10.0; Win64; x64) AppleWebKit/537.36 (KHTML, like Gecko) Chrome/108.0.0.0 Safari/537.36"
104.248.145.240 - - [07/Feb/2025:06:45:59 +0000] "GET /favicon.ico HTTP/1.1" 200 3405 "-" "Mozilla/5.0 (Windows NT 10.0; Win64; x64) AppleWebKit/537.36 (KHTML, like Gecko) Chrome/108.0.0.0 Safari/537.36"
104.248.145.240 - - [07/Feb/2025:06:46:00 +0000] "GET / HTTP/1.1" 200 3405 "-" "Mozilla/4.0 (compatible; MSIE 9.0; Windows NT 10.0; .NET4.0C; .NET4.0E; .NET CLR 2.0.50727; .NET CLR 3.0.30729; .NET CLR 3.5.30729)"
104.248.145.240 - - [07/Feb/2025:06:46:01 +0000] "GET /teorema505?t=1 HTTP/1.1" 200 3405 "-" "Mozilla/5.0 (Windows NT 10.0; Win64; x64) AppleWebKit/537.36 (KHTML, like Gecko) Chrome/108.0.0.0 Safari/537.36"
179.43.191.146 - - [07/Feb/2025:06:56:39 +0000] "GET / HTTP/1.1" 200 3405 "-" "Mozilla/5.0 (Windows NT 10.0; Win64; x64) AppleWebKit/537.36 (KHTML, like Gecko) Chrome/90.0.4430.85 Safari/537.36 Edg/90.0.818.46"
47.81.65.249 - - [07/Feb/2025:07:34:15 +0000] "POST /cgi-bin/.%2e/.%2e/.%2e/.%2e/.%2e/.%2e/.%2e/.%2e/.%2e/.%2e/bin/sh HTTP/1.1" 400 150 "-" "-"
212.71.247.182 - - [07/Feb/2025:07:36:56 +0000] "GET / HTTP/1.1" 200 3405 "-" "Mozilla/5.0 (Windows NT 6.1; WOW64; rv:8.0) Gecko/20100101 Firefox/8.0"
212.71.247.182 - - [07/Feb/2025:07:37:13 +0000] "\x16\x03\x01\x00\xFC\x01\x00\x00\xF8\x03\x03g&]\xC9\xE6\xC4\x95\x81\xBB\xA6\x88\xF4\xA3\x94\xF9C\xE6\xE4\x17\xD2\xEE\xC3\x11\xA9\xAA\x89p\x86\xD2\xC6\x91\xCC \xA8\x15\xFC\xBEQ\xB8\x80\xDB\x13d\x09\xF0\xFCa\xF5rJ\x98\xD7\xE5\x81\x15\xA3\x08\xE5\x1E\xCF\xA5\x83\x0F\x03\x8D\x00$\x13\x02\x13\x03\x13\x01\xC0,\xC00\xC0+\xC0/\xCC\xA9\xCC\xA8\xC0$\xC0(\xC0#\xC0'\x00\x9F\x00\x9E\x00k\x00g\x00\xFF\x01\x00\x00\x8B\x00\x0B\x00\x04\x03\x00\x01\x02\x00" 400 150 "-" "-"
212.71.247.182 - - [07/Feb/2025:07:37:14 +0000] "\x16\x03\x01\x00\xFC\x01\x00\x00\xF8\x03\x03\x14\x03fR\x86\xFCSl\xFC\x88\xF4\xB6\x01\xA3W\xDB<i!s\x0F\xCB\xE9?\x1A\xFBV\x91\xF2S\xA9r G\x9C\x9C\x05\xDC4\x84\x1B\xE5f\xC5^\xA7\xDDA=" 400 150 "-" "-"
212.71.247.182 - - [07/Feb/2025:07:37:14 +0000] "\x16\x03\x01\x00\xFC\x01\x00\x00\xF8\x03\x03\xBE\xED\xE8i\xDA\xF0\x1C\xA4\x1Ar\xE0W\x22\x811\xD7\xB1,L\xC2K\x8E\xF1\x93:o\x00Nfhj. \x92G\x12\xFCLP\xCC\x09\xEB9\x9D\xFFl\xE0\x97]d\xDFh\xC8[8\xADv\xF0@`\xFAb^r\x8A\x00$\x13\x02\x13\x03\x13\x01\xC0,\xC00\xC0+\xC0/\xCC\xA9\xCC\xA8\xC0$\xC0(\xC0#\xC0'\x00\x9F\x00\x9E\x00k\x00g\x00\xFF\x01\x00\x00\x8B\x00\x0B\x00\x04\x03\x00\x01\x02\x00" 400 150 "-" "-"
78.153.140.149 - - [07/Feb/2025:07:38:09 +0000] "GET /.env HTTP/1.1" 200 3405 "-" "Mozilla/5.0 (Windows NT 10.0; Win64; x64) AppleWebKit/537.36 (KHTML, like Gecko) Chrome/116.0.5845.140 Safari/537.36"
78.153.140.149 - - [07/Feb/2025:07:38:10 +0000] "POST / HTTP/1.1" 405 552 "-" "Mozilla/5.0 (Windows NT 10.0; Win64; x64) AppleWebKit/537.36 (KHTML, like Gecko) Chrome/116.0.5845.140 Safari/537.36"
78.153.140.149 - - [07/Feb/2025:07:38:10 +0000] "GET /.env HTTP/1.1" 200 3405 "-" "Mozilla/5.0 (Windows NT 10.0; Win64; x64) AppleWebKit/537.36 (KHTML, like Gecko) Chrome/116.0.5845.140 Safari/537.36"
78.153.140.149 - - [07/Feb/2025:07:38:11 +0000] "POST / HTTP/1.1" 405 552 "-" "Mozilla/5.0 (Windows NT 10.0; Win64; x64) AppleWebKit/537.36 (KHTML, like Gecko) Chrome/116.0.5845.140 Safari/537.36"
66.240.192.85 - - [07/Feb/2025:07:44:52 +0000] "GET / HTTP/1.1" 200 3405 "-" "Mozilla/5.0 zgrab/0.x"
45.144.212.139 - - [07/Feb/2025:07:47:28 +0000] "GET /.git/config HTTP/1.1" 200 257 "-" "Mozilla/5.0 (Linux; Android 9; MHA-AL00 Build/HUAWEIMHA-AL00; wv) AppleWebKit/537.36 (KHTML, like Gecko) Version/4.0 Chrome/71.0.3578.99 Mobile Safari/537.36 MMWEBID/9772 MicroMessenger/7.0.6.1460(0x27000634) Process/tools NetType/WIFI Language/zh_CN"
185.242.226.159 - - [07/Feb/2025:07:57:28 +0000] "GET / HTTP/1.1" 200 3405 "-" "Mozilla/5.0 (Windows NT 10.0; Win64; x64) AppleWebKit/537.36 (KHTML, like Gecko) Chrome/88.0.4324.190 Safari/537.36"
95.214.55.43 - - [07/Feb/2025:08:00:00 +0000] "GET / HTTP/1.1" 200 3405 "-" "Mozilla/5.0 (Windows NT 10.0; Win64; x64) AppleWebKit/537.36 (KHTML, like Gecko) Chrome/90.0.4430.85 Safari/537.36 Edg/90.0.818.46"
141.255.166.90 - - [07/Feb/2025:08:01:00 +0000] "GET / HTTP/1.1" 200 3405 "-" "-"
141.255.166.90 - - [07/Feb/2025:08:01:01 +0000] "PUT /v1/agent/service/register  HTTP/1.1" 400 150 "-" "-"
173.212.194.245 - - [07/Feb/2025:08:18:28 +0000] "GET /.env HTTP/1.1" 200 3405 "-" "Mozilla/5.0 (X11; Linux x86_64) AppleWebKit/537.36 (KHTML, like Gecko) Chrome/81.0.4044.129 Safari/537.36"
173.212.194.245 - - [07/Feb/2025:08:18:29 +0000] "POST / HTTP/1.1" 405 552 "-" "Mozilla/5.0 (X11; Linux x86_64) AppleWebKit/537.36 (KHTML, like Gecko) Chrome/81.0.4044.129 Safari/537.36"
87.120.113.33 - - [07/Feb/2025:08:24:04 +0000] "GET /.env HTTP/1.1" 200 3405 "-" "Mozilla/5.0 (Macintosh; Intel Mac OS X 10_9_3) AppleWebKit/537.75.14 (KHTML, like Gecko) Version/7.0.3 Safari/7046A194A"
193.23.3.37 - - [07/Feb/2025:09:08:25 +0000] "GET /_profiler/phpinfo HTTP/1.1" 200 3405 "-" "Mozilla/5.0 (Macintosh; Intel Mac OS X 10_11) AppleWebKit/601.1.56 (KHTML, like Gecko) Version/9.0 Safari/601.1.56"
5.101.0.66 - - [07/Feb/2025:09:11:28 +0000] "\x16\x03\x02\x01o\x01\x00\x01k\x03\x02RH\xC5\x1A#\xF7:N\xDF\xE2\xB4\x82/\xFF\x09T\x9F\xA7\xC4y\xB0h\xC6\x13\x8C\xA4\x1C=\x22\xE1\x1A\x98 \x84\xB4,\x85\xAFn\xE3Y\xBBbhl\xFF(=':\xA9\x82\xD9o\xC8\xA2\xD7\x93\x98\xB4\xEF\x80\xE5\xB9\x90\x00(\xC0" 400 150 "-" "-"
5.101.0.66 - - [07/Feb/2025:09:11:46 +0000] "\x16\x03\x01\x05\xA8\x01\x00\x05\xA4\x03\x03Ur\xE3\x82h\xFB\x98\xBB\xDAn\xD8d\xDF\x19\x0C\x96\xDD\x99<A\x84\x9F\xB9f>4\x8B\xC1\x1D=\xB4s 8\x98\xFEa;\x81l/\x9E\x08\xCD\x8F\x02o\xB7\xC81\x00\xA7\xC2\x00\x04\x97\x9A\x86\xF0b\xDE\xBA\x19\x17\x8B\x00\x1A\xCC\xA9\xCC\xA8\xC0+\xC0/\xC0,\xC00\xC0\x09\xC0\x13\xC0" 400 150 "-" "-"
5.101.0.66 - - [07/Feb/2025:09:11:46 +0000] "GET /aaa9 HTTP/1.1" 200 3405 "-" "Mozilla/5.0 (Windows NT 10.0; Win64; x64) AppleWebKit/537.36 (KHTML, like Gecko) Chrome/70.0.3538.77 Safari/537.36"
5.101.0.66 - - [07/Feb/2025:09:11:46 +0000] "\x16\x03\x01\x05\xA8\x01\x00\x05\xA4\x03\x03?3Z\xA3\xDBX%9\x02\xD0\xF9\x86F\xA6\xA1\xDE\xB5zlj\x86\x86\xFD\x13'uRm\x1E\x13\xB2d \xD0\x18\x9F{\xAB\x98m\xE1\xB1\x02|\x04\x04~\xB3\xB38|Rb\xB0\x93\x8C\x1C\xCB\x9A6\x1CzS\x22I\x00\x1A\xCC\xA9\xCC\xA8\xC0+\xC0/\xC0,\xC00\xC0\x09\xC0\x13\xC0" 400 150 "-" "-"
5.101.0.66 - - [07/Feb/2025:09:11:46 +0000] "GET /aab9 HTTP/1.1" 200 3405 "-" "Mozilla/5.0 (Windows NT 10.0; Win64; x64) AppleWebKit/537.36 (KHTML, like Gecko) Chrome/70.0.3538.77 Safari/537.36"
